---
source: test-harness/src/harness.rs
expression: snapshot
info:
  kind:
    Translate:
      backend: fstar
  info:
    name: generics
    manifest: generics/Cargo.toml
    description: ~
  spec:
    optional: false
    broken: false
    issue_id: ~
    positive: true
    snapshot:
      stderr: true
      stdout: true
    include_flag: ~
---
exit = 0
stderr = '''
Compiling generics v0.1.0 (WORKSPACE_ROOT/generics)
    Finished dev [unoptimized + debuginfo] target(s) in XXs'''

[stdout]
diagnostics = []

[stdout.files]
"Generics.fst" = '''
module Generics
#set-options "--fuel 0 --ifuel 1 --z3rlimit 15"
open Core
open FStar.Mul

let impl__Bar__inherent_impl_generics
      (#v_T: Type)
      (v_N: usize)
      (#[FStar.Tactics.Typeclasses.tcresolve ()] i0: Core.Marker.t_Sized v_T)
      (x: t_Array v_T v_N)
    : Prims.unit = ()

class t_Foo (v_Self: Type) = { f_const_add:v_N: usize -> v_Self -> usize }

[@@ FStar.Tactics.Typeclasses.tcinstance]
let impl_Foo_for_usize: t_Foo usize =
  { f_const_add = fun (v_N: usize) (self: usize) -> self +! v_N }

let dup
      (#v_T: Type)
      (#[FStar.Tactics.Typeclasses.tcresolve ()] i0: Core.Marker.t_Sized v_T)
      (#[FStar.Tactics.Typeclasses.tcresolve ()] i1: Core.Clone.t_Clone v_T)
      (x: v_T)
    : (v_T & v_T) = Core.Clone.f_clone x, Core.Clone.f_clone x <: (v_T & v_T)

let f (v_N x: usize) : usize = (v_N +! v_N <: usize) +! x

let call_f (_: Prims.unit) : usize = (f (sz 10) (sz 3) <: usize) +! sz 3

let g
      (v_N: usize)
      (#v_T: Type)
      (#[FStar.Tactics.Typeclasses.tcresolve ()] i0: Core.Marker.t_Sized v_T)
      (#[FStar.Tactics.Typeclasses.tcresolve ()] i1: Core.Convert.t_Into v_T (t_Array usize v_N))
      (arr: v_T)
    : usize =
  (Core.Option.impl__unwrap_or (Core.Iter.Traits.Iterator.f_max (Core.Iter.Traits.Collect.f_into_iter
              (Core.Convert.f_into arr <: t_Array usize v_N)
            <:
            Core.Array.Iter.t_IntoIter usize v_N)
        <:
        Core.Option.t_Option usize)
      v_N
    <:
    usize) +!
  v_N

let call_g (_: Prims.unit) : usize =
  (g (sz 3)
      (let list = [sz 42; sz 3; sz 49] in
        FStar.Pervasives.assert_norm (Prims.eq2 (List.Tot.length list) 3);
        Rust_primitives.Hax.array_of_list list)
    <:
    usize) +!
  sz 3

let foo (v_LEN: usize) (arr: t_Array usize v_LEN) : usize =
  let acc:usize = v_LEN +! sz 9 in
  let acc:usize =
    Core.Iter.Traits.Iterator.f_fold (Core.Iter.Traits.Collect.f_into_iter ({
              Core.Ops.Range.f_start = sz 0;
              Core.Ops.Range.f_end = v_LEN
            }
            <:
            Core.Ops.Range.t_Range usize)
        <:
        Core.Ops.Range.t_Range usize)
      acc
      (fun acc i ->
          let acc:usize = acc in
          let i:usize = i in
          acc +! (arr.[ i ] <: usize) <: usize)
  in
  acc

let repeat
      (v_LEN: usize)
      (#v_T: Type)
      (#[FStar.Tactics.Typeclasses.tcresolve ()] i0: Core.Marker.t_Sized v_T)
      (#[FStar.Tactics.Typeclasses.tcresolve ()] i1: Core.Marker.t_Copy v_T)
      (x: v_T)
    : t_Array v_T v_LEN = Rust_primitives.Hax.repeat x v_LEN

type t_Bar = | Bar : t_Bar
'''
