---
source: test-harness/src/harness.rs
expression: snapshot
info:
  kind:
    Translate:
      backend: coq
  info:
    name: guards
    manifest: guards/Cargo.toml
    description: ~
  spec:
    optional: false
    broken: false
    issue_id: ~
    positive: true
    snapshot:
      stderr: false
      stdout: true
    include_flag: ~
    backend_options: ~
---
exit = 0

[stdout]
diagnostics = []

[stdout.files]
"Guards.v" = '''
(* File automatically generated by Hacspec *)
From Coq Require Import ZArith.
Require Import List.
Import List.ListNotations.
Open Scope Z_scope.
Open Scope bool_scope.
Require Import Ascii.
Require Import String.
Require Import Coq.Floats.Floats.
From RecordUpdate Require Import RecordSet.
Import RecordSetNotations.

(* From Core Require Import Core. *)

(* TODO: Replace this dummy lib with core lib *)
Class t_Sized (T : Type) := { }.
Definition t_u8 := Z.
Definition t_u16 := Z.
Definition t_u32 := Z.
Definition t_u64 := Z.
Definition t_u128 := Z.
Definition t_usize := Z.
Definition t_i8 := Z.
Definition t_i16 := Z.
Definition t_i32 := Z.
Definition t_i64 := Z.
Definition t_i128 := Z.
Definition t_isize := Z.
Definition t_Array T (x : t_usize) := list T.
Definition t_String := string.
Definition ToString_f_to_string (x : string) := x.
Instance Sized_any : forall {t_A}, t_Sized t_A := {}.
Class t_Clone (T : Type) := { Clone_f_clone : T -> T }.
Instance Clone_any : forall {t_A}, t_Clone t_A := {Clone_f_clone := fun x => x}.
Definition t_Slice (T : Type) := list T.
Definition unsize {T : Type} : list T -> t_Slice T := id.
(* / dummy lib *)



(* NotImplementedYet *)

Definition equivalent (x : t_Option ((t_Result ((t_i32)) ((t_i32))))) : t_i32 :=
  match x with
  | Option_None =>
    0
  | _ =>
    match match x with
    | Option_Some (v) =>
      match v with
      | Result_Ok (y) =>
        Option_Some (y)
      | _ =>
        Option_None
      end
    | _ =>
      Option_None
    end with
    | Option_Some (y) =>
      y
    | Option_None =>
      match x with
      | Option_Some (Result_Err (y)) =>
        y
      | _ =>
        1
      end
    end
  end.

Definition if_guard (x : t_Option ((t_i32))) : t_i32 :=
  match match x with
  | Option_Some (v) =>
    match t_PartialOrd_f_gt (v) (0) with
    | true =>
      Option_Some (v)
    | _ =>
      Option_None
    end
  | _ =>
    Option_None
  end with
  | Option_Some (x) =>
    x
  | Option_None =>
    0
  end.

Definition if_let_guard (x : t_Option ((t_Result ((t_i32)) ((t_i32))))) : t_i32 :=
  match x with
  | Option_None =>
    0
  | _ =>
    match match x with
    | Option_Some (v) =>
      match v with
      | Result_Ok (y) =>
        Option_Some (y)
      | _ =>
        Option_None
      end
    | _ =>
      Option_None
    end with
    | Option_Some (x) =>
      x
    | Option_None =>
      match x with
      | Option_Some (Result_Err (y)) =>
        y
      | _ =>
        1
      end
    end
  end.

Definition multiple_guards (x : t_Option ((t_Result ((t_i32)) ((t_i32))))) : t_i32 :=
  match x with
  | Option_None =>
    0
  | _ =>
    match match x with
    | Option_Some (Result_Ok (v)) =>
      match Option_Some (t_Add_f_add (v) (1)) with
      | Option_Some (1) =>
        Option_Some (0)
      | _ =>
        Option_None
      end
    | _ =>
      Option_None
    end with
    | Option_Some (x) =>
      x
    | Option_None =>
      match match x with
      | Option_Some (v) =>
        match v with
        | Result_Ok (y) =>
          Option_Some (y)
        | _ =>
          Option_None
        end
      | _ =>
        Option_None
      end with
      | Option_Some (x) =>
        x
      | Option_None =>
        match x with
        | Option_Some (Result_Err (y)) =>
          y
        | _ =>
          1
        end
      end
    end
  end.
'''
_CoqProject = '''
-R ./ TODO
-arg -w
-arg all

Guards.v'''
