---
source: test-harness/src/harness.rs
expression: snapshot
info:
  kind:
    Translate:
      backend: coq
  info:
    name: include-flag
    manifest: cli/include-flag/Cargo.toml
    description: ~
  spec:
    optional: false
    broken: false
    issue_id: ~
    positive: true
    snapshot:
      stderr: false
      stdout: true
    include_flag: ~
    backend_options: ~
---
exit = 0

[stdout]
diagnostics = []

[stdout.files]
"Include_flag.v" = '''
(* File automatically generated by Hacspec *)
From Coq Require Import ZArith.
Require Import List.
Import List.ListNotations.
Open Scope Z_scope.
Open Scope bool_scope.
Require Import Ascii.
Require Import String.
Require Import Coq.Floats.Floats.
From RecordUpdate Require Import RecordSet.
Import RecordSetNotations.

(* From Core Require Import Core. *)

(* TODO: Replace this dummy lib with core lib *)
Class t_Sized (T : Type) := { }.
Definition t_u8 := Z.
Definition t_u16 := Z.
Definition t_u32 := Z.
Definition t_u64 := Z.
Definition t_u128 := Z.
Definition t_usize := Z.
Definition t_i8 := Z.
Definition t_i16 := Z.
Definition t_i32 := Z.
Definition t_i64 := Z.
Definition t_i128 := Z.
Definition t_isize := Z.
Definition t_Array T (x : t_usize) := list T.
Definition t_String := string.
Definition ToString_f_to_string (x : string) := x.
Instance Sized_any : forall {t_A}, t_Sized t_A := {}.
Class t_Clone (T : Type) := { Clone_f_clone : T -> T }.
Instance Clone_any : forall {t_A}, t_Clone t_A := {Clone_f_clone := fun x => x}.
Definition t_Slice (T : Type) := list T.
Definition unsize {T : Type} : list T -> t_Slice T := id.
(* / dummy lib *)



Record t_Foo : Type :=
  {
  }.
Arguments Build_t_Foo.
#[export]
Notation "'Foo'" := Build_t_Foo.

Class t_Trait (v_Self : Type) : Type :=
  {
  }.
Arguments t_Trait (_).

Instance t_Trait_254780795 : t_Trait ((t_Foo)) :=
  {
  }.

(* NotImplementedYet *)

Definition main_a_a '(_ : unit) : unit :=
  tt.

Definition main_a_b '(_ : unit) : unit :=
  tt.

Definition main_a_c '(_ : unit) : unit :=
  tt.

Definition main_a `{v_T : Type} `{t_Sized (v_T)} `{t_Trait (v_T)} (x : v_T) : unit :=
  let _ := main_a_a (tt) in
  let _ := main_a_b (tt) in
  let _ := main_a_c (tt) in
  tt.

Definition main_b_a '(_ : unit) : unit :=
  tt.

Definition main_b_b '(_ : unit) : unit :=
  tt.

Definition main_b_c '(_ : unit) : unit :=
  tt.

Definition main_b '(_ : unit) : unit :=
  let _ := main_b_a (tt) in
  let _ := main_b_b (tt) in
  let _ := main_b_c (tt) in
  tt.

Definition main_c_a '(_ : unit) : unit :=
  tt.

Definition main_c_b '(_ : unit) : unit :=
  tt.

Definition main_c_c '(_ : unit) : unit :=
  tt.

Definition main_c '(_ : unit) : unit :=
  let _ := main_c_a (tt) in
  let _ := main_c_b (tt) in
  let _ := main_c_c (tt) in
  tt.

Definition main '(_ : unit) : unit :=
  let _ := main_a (Build_t_Foo) in
  let _ := main_b (tt) in
  let _ := main_c (tt) in
  tt.
'''
_CoqProject = '''
-R ./ TODO
-arg -w
-arg all

Include_flag.v'''
